DEF "def" 1
IDENT "read_all_cps" 1
EQUAL "=" 1
LEFTBRACE "{" 1
SHARP "#" 1
LEFTPAREN "(" 1
IDENT "cont" 1
RIGHTPAREN ")" 1
ARROW "->" 1
PRIM "prim" 1
LEFTPAREN "(" 1
IDENT "read_all_cps" 1
COMMA "," 1
IDENT "cont" 1
RIGHTPAREN ")" 1
RIGHTBRACE "}" 1
DEF "def" 2
IDENT "print_cps" 2
EQUAL "=" 2
LEFTBRACE "{" 2
SHARP "#" 2
LEFTPAREN "(" 2
IDENT "s" 2
RIGHTPAREN ")" 2
LEFTPAREN "(" 2
IDENT "cont" 2
RIGHTPAREN ")" 2
ARROW "->" 2
PRIM "prim" 2
LEFTPAREN "(" 2
IDENT "print_cps" 2
COMMA "," 2
IDENT "s" 2
COMMA "," 2
IDENT "cont" 2
RIGHTPAREN ")" 2
RIGHTBRACE "}" 2
DEF "def" 3
IDENT "exit" 3
EQUAL "=" 3
LEFTBRACE "{" 3
PRIM "prim" 3
LEFTPAREN "(" 3
IDENT "exit" 3
RIGHTPAREN ")" 3
RIGHTBRACE "}" 3
DEF "def" 5
IDENT "main" 5
EQUAL "=" 5
LEFTBRACE "{" 5
WITH "with" 6
IDENT "s" 6
BACKARROW "<-" 6
IDENT "read_all_cps" 6
SEMICOLON ";" 6
WITH "with" 7
IDENT "print_cps" 7
LEFTPAREN "(" 7
IDENT "s" 7
RIGHTPAREN ")" 7
SEMICOLON ";" 7
IDENT "exit" 8
LEFTPAREN "(" 8
RIGHTPAREN ")" 8
RIGHTBRACE "}" 9
EOF "" 9
