DEF "def" 1
IDENT "main" 1
EQUAL "=" 1
LEFTBRACE "{" 1
PRIM "prim" 2
LEFTPAREN "(" 2
IDENT "read_all_cps" 2
COMMA "," 2
LEFTBRACE "{" 2
IDENT "s" 2
ARROW "->" 2
PRIM "prim" 3
LEFTPAREN "(" 3
IDENT "print_cps" 3
COMMA "," 3
IDENT "s" 3
COMMA "," 3
LEFTBRACE "{" 3
PRIM "prim" 4
LEFTPAREN "(" 4
IDENT "exit" 4
RIGHTPAREN ")" 4
RIGHTBRACE "}" 5
RIGHTPAREN ")" 5
RIGHTBRACE "}" 6
RIGHTPAREN ")" 6
RIGHTBRACE "}" 7
EOF "" 7
