DEF "def" ../testdata/cpsio.anma:1:1
IDENT "main" ../testdata/cpsio.anma:1:5
EQUAL "=" ../testdata/cpsio.anma:1:10
LEFTBRACE "{" ../testdata/cpsio.anma:1:12
LET "let" ../testdata/cpsio.anma:2:5
IDENT "exit" ../testdata/cpsio.anma:2:9
EQUAL "=" ../testdata/cpsio.anma:2:14
LEFTBRACE "{" ../testdata/cpsio.anma:2:16
PRIM "prim" ../testdata/cpsio.anma:3:9
LEFTPAREN "(" ../testdata/cpsio.anma:3:13
IDENT "exit" ../testdata/cpsio.anma:3:14
RIGHTPAREN ")" ../testdata/cpsio.anma:3:18
RIGHTBRACE "}" ../testdata/cpsio.anma:4:5
SEMICOLON ";" ../testdata/cpsio.anma:4:6
LET "let" ../testdata/cpsio.anma:5:5
IDENT "print" ../testdata/cpsio.anma:5:9
EQUAL "=" ../testdata/cpsio.anma:5:15
LEFTBRACE "{" ../testdata/cpsio.anma:5:17
IDENT "s" ../testdata/cpsio.anma:5:19
ARROW "->" ../testdata/cpsio.anma:5:21
PRIM "prim" ../testdata/cpsio.anma:6:9
LEFTPAREN "(" ../testdata/cpsio.anma:6:13
IDENT "print_cps" ../testdata/cpsio.anma:6:14
COMMA "," ../testdata/cpsio.anma:6:23
IDENT "s" ../testdata/cpsio.anma:6:25
COMMA "," ../testdata/cpsio.anma:6:26
IDENT "exit" ../testdata/cpsio.anma:6:28
RIGHTPAREN ")" ../testdata/cpsio.anma:6:32
RIGHTBRACE "}" ../testdata/cpsio.anma:7:5
SEMICOLON ";" ../testdata/cpsio.anma:7:6
PRIM "prim" ../testdata/cpsio.anma:8:5
LEFTPAREN "(" ../testdata/cpsio.anma:8:9
IDENT "read_all_cps" ../testdata/cpsio.anma:8:10
COMMA "," ../testdata/cpsio.anma:8:22
IDENT "print" ../testdata/cpsio.anma:8:24
RIGHTPAREN ")" ../testdata/cpsio.anma:8:29
RIGHTBRACE "}" ../testdata/cpsio.anma:9:1
EOF "" ../testdata/cpsio.anma:9:2
