DEF "def" 1
IDENT "main" 1
EQUAL "=" 1
LEFTBRACE "{" 1
LET "let" 2
IDENT "exit" 2
EQUAL "=" 2
LEFTBRACE "{" 2
PRIM "prim" 3
LEFTPAREN "(" 3
IDENT "exit" 3
RIGHTPAREN ")" 3
RIGHTBRACE "}" 4
SEMICOLON ";" 4
LET "let" 5
IDENT "print" 5
EQUAL "=" 5
LEFTBRACE "{" 5
IDENT "s" 5
ARROW "->" 5
PRIM "prim" 6
LEFTPAREN "(" 6
IDENT "print_cps" 6
COMMA "," 6
IDENT "s" 6
COMMA "," 6
IDENT "exit" 6
RIGHTPAREN ")" 6
RIGHTBRACE "}" 7
SEMICOLON ";" 7
PRIM "prim" 8
LEFTPAREN "(" 8
IDENT "read_all_cps" 8
COMMA "," 8
IDENT "print" 8
RIGHTPAREN ")" 8
RIGHTBRACE "}" 9
EOF "" 9
