DEF "def" 1
IDENT "add" 1
EQUAL "=" 1
LEFTBRACE "{" 1
SHARP "#" 1
LEFTPAREN "(" 1
IDENT "x" 1
RIGHTPAREN ")" 1
LEFTPAREN "(" 1
IDENT "y" 1
RIGHTPAREN ")" 1
ARROW "->" 1
PRIM "prim" 1
LEFTPAREN "(" 1
IDENT "add" 1
COMMA "," 1
IDENT "x" 1
COMMA "," 1
IDENT "y" 1
RIGHTPAREN ")" 1
RIGHTBRACE "}" 1
DEF "def" 2
IDENT "mul" 2
EQUAL "=" 2
LEFTBRACE "{" 2
SHARP "#" 2
LEFTPAREN "(" 2
IDENT "x" 2
RIGHTPAREN ")" 2
LEFTPAREN "(" 2
IDENT "y" 2
RIGHTPAREN ")" 2
ARROW "->" 2
PRIM "prim" 2
LEFTPAREN "(" 2
IDENT "mul" 2
COMMA "," 2
IDENT "x" 2
COMMA "," 2
IDENT "y" 2
RIGHTPAREN ")" 2
RIGHTBRACE "}" 2
DEF "def" 3
IDENT "main" 3
EQUAL "=" 3
LEFTBRACE "{" 3
PRIM "prim" 3
LEFTPAREN "(" 3
IDENT "print" 3
COMMA "," 3
IDENT "add" 3
LEFTPAREN "(" 3
INTEGER "1" 3
RIGHTPAREN ")" 3
LEFTPAREN "(" 3
IDENT "mul" 3
LEFTPAREN "(" 3
INTEGER "2" 3
RIGHTPAREN ")" 3
LEFTPAREN "(" 3
INTEGER "3" 3
RIGHTPAREN ")" 3
RIGHTPAREN ")" 3
RIGHTPAREN ")" 3
RIGHTBRACE "}" 3
EOF "" 3
