DEF "def" ../testdata/method-copattern.anma:1:1
IDENT "printer" ../testdata/method-copattern.anma:1:5
EQUAL "=" ../testdata/method-copattern.anma:1:13
LEFTBRACE "{" ../testdata/method-copattern.anma:1:15
SHARP "#" ../testdata/method-copattern.anma:2:3
DOT "." ../testdata/method-copattern.anma:2:4
IDENT "print" ../testdata/method-copattern.anma:2:5
LEFTPAREN "(" ../testdata/method-copattern.anma:2:10
IDENT "x" ../testdata/method-copattern.anma:2:11
RIGHTPAREN ")" ../testdata/method-copattern.anma:2:12
ARROW "->" ../testdata/method-copattern.anma:2:14
PRIM "prim" ../testdata/method-copattern.anma:2:17
LEFTPAREN "(" ../testdata/method-copattern.anma:2:21
IDENT "print" ../testdata/method-copattern.anma:2:22
COMMA "," ../testdata/method-copattern.anma:2:27
IDENT "x" ../testdata/method-copattern.anma:2:29
RIGHTPAREN ")" ../testdata/method-copattern.anma:2:30
COMMA "," ../testdata/method-copattern.anma:2:31
RIGHTBRACE "}" ../testdata/method-copattern.anma:3:1
DEF "def" ../testdata/method-copattern.anma:4:1
IDENT "main" ../testdata/method-copattern.anma:4:5
EQUAL "=" ../testdata/method-copattern.anma:4:10
LEFTBRACE "{" ../testdata/method-copattern.anma:4:12
IDENT "printer" ../testdata/method-copattern.anma:4:14
DOT "." ../testdata/method-copattern.anma:4:21
IDENT "print" ../testdata/method-copattern.anma:4:22
LEFTPAREN "(" ../testdata/method-copattern.anma:4:27
INTEGER "1" ../testdata/method-copattern.anma:4:28
RIGHTPAREN ")" ../testdata/method-copattern.anma:4:29
RIGHTBRACE "}" ../testdata/method-copattern.anma:4:31
EOF "" ../testdata/method-copattern.anma:4:32
