TYPE "type" ../testdata/tree.anma:1:1
IDENT "Int" ../testdata/tree.anma:1:6
EQUAL "=" ../testdata/tree.anma:1:14
PRIM "prim" ../testdata/tree.anma:1:16
LEFTPAREN "(" ../testdata/tree.anma:1:20
IDENT "int" ../testdata/tree.anma:1:21
RIGHTPAREN ")" ../testdata/tree.anma:1:24
TYPE "type" ../testdata/tree.anma:2:1
IDENT "List" ../testdata/tree.anma:2:6
LEFTPAREN "(" ../testdata/tree.anma:2:10
IDENT "a" ../testdata/tree.anma:2:11
RIGHTPAREN ")" ../testdata/tree.anma:2:12
EQUAL "=" ../testdata/tree.anma:2:14
LEFTBRACE "{" ../testdata/tree.anma:2:16
IDENT "Nil" ../testdata/tree.anma:3:3
LEFTPAREN "(" ../testdata/tree.anma:3:6
RIGHTPAREN ")" ../testdata/tree.anma:3:7
COMMA "," ../testdata/tree.anma:3:8
IDENT "Cons" ../testdata/tree.anma:4:3
LEFTPAREN "(" ../testdata/tree.anma:4:7
IDENT "a" ../testdata/tree.anma:4:8
COMMA "," ../testdata/tree.anma:4:9
IDENT "List" ../testdata/tree.anma:4:11
RIGHTPAREN ")" ../testdata/tree.anma:4:15
RIGHTBRACE "}" ../testdata/tree.anma:5:1
INFIXL "infixl" ../testdata/tree.anma:6:1
INTEGER "6" ../testdata/tree.anma:6:8
OPERATOR "-" ../testdata/tree.anma:6:10
DEF "def" ../testdata/tree.anma:7:1
OPERATOR "-" ../testdata/tree.anma:7:5
EQUAL "=" ../testdata/tree.anma:7:7
LEFTBRACE "{" ../testdata/tree.anma:7:9
LEFTPAREN "(" ../testdata/tree.anma:7:11
IDENT "x" ../testdata/tree.anma:7:12
COMMA "," ../testdata/tree.anma:7:13
IDENT "y" ../testdata/tree.anma:7:15
RIGHTPAREN ")" ../testdata/tree.anma:7:16
ARROW "->" ../testdata/tree.anma:7:18
PRIM "prim" ../testdata/tree.anma:7:21
LEFTPAREN "(" ../testdata/tree.anma:7:25
IDENT "sub" ../testdata/tree.anma:7:26
COMMA "," ../testdata/tree.anma:7:29
IDENT "x" ../testdata/tree.anma:7:31
COMMA "," ../testdata/tree.anma:7:32
IDENT "y" ../testdata/tree.anma:7:34
RIGHTPAREN ")" ../testdata/tree.anma:7:35
RIGHTBRACE "}" ../testdata/tree.anma:7:37
DEF "def" ../testdata/tree.anma:8:1
IDENT "map" ../testdata/tree.anma:8:5
EQUAL "=" ../testdata/tree.anma:8:9
LEFTBRACE "{" ../testdata/tree.anma:8:11
LEFTPAREN "(" ../testdata/tree.anma:9:3
IDENT "f" ../testdata/tree.anma:9:4
COMMA "," ../testdata/tree.anma:9:5
IDENT "Nil" ../testdata/tree.anma:9:7
LEFTPAREN "(" ../testdata/tree.anma:9:10
RIGHTPAREN ")" ../testdata/tree.anma:9:11
RIGHTPAREN ")" ../testdata/tree.anma:9:12
ARROW "->" ../testdata/tree.anma:9:14
IDENT "Nil" ../testdata/tree.anma:9:17
LEFTPAREN "(" ../testdata/tree.anma:9:20
RIGHTPAREN ")" ../testdata/tree.anma:9:21
COMMA "," ../testdata/tree.anma:9:22
LEFTPAREN "(" ../testdata/tree.anma:10:3
IDENT "f" ../testdata/tree.anma:10:4
COMMA "," ../testdata/tree.anma:10:5
IDENT "Cons" ../testdata/tree.anma:10:7
LEFTPAREN "(" ../testdata/tree.anma:10:11
IDENT "x" ../testdata/tree.anma:10:12
COMMA "," ../testdata/tree.anma:10:13
IDENT "xs" ../testdata/tree.anma:10:15
RIGHTPAREN ")" ../testdata/tree.anma:10:17
RIGHTPAREN ")" ../testdata/tree.anma:10:18
ARROW "->" ../testdata/tree.anma:10:20
IDENT "Cons" ../testdata/tree.anma:10:23
LEFTPAREN "(" ../testdata/tree.anma:10:27
IDENT "f" ../testdata/tree.anma:10:28
LEFTPAREN "(" ../testdata/tree.anma:10:29
IDENT "x" ../testdata/tree.anma:10:30
RIGHTPAREN ")" ../testdata/tree.anma:10:31
COMMA "," ../testdata/tree.anma:10:32
IDENT "map" ../testdata/tree.anma:10:34
LEFTPAREN "(" ../testdata/tree.anma:10:37
IDENT "f" ../testdata/tree.anma:10:38
COMMA "," ../testdata/tree.anma:10:39
IDENT "xs" ../testdata/tree.anma:10:41
RIGHTPAREN ")" ../testdata/tree.anma:10:43
RIGHTPAREN ")" ../testdata/tree.anma:10:44
COMMA "," ../testdata/tree.anma:10:45
RIGHTBRACE "}" ../testdata/tree.anma:11:1
DEF "def" ../testdata/tree.anma:12:1
IDENT "prune" ../testdata/tree.anma:12:5
EQUAL "=" ../testdata/tree.anma:12:11
LEFTBRACE "{" ../testdata/tree.anma:12:13
SHARP "#" ../testdata/tree.anma:13:3
LEFTPAREN "(" ../testdata/tree.anma:13:4
IDENT "x" ../testdata/tree.anma:13:5
COMMA "," ../testdata/tree.anma:13:6
IDENT "t" ../testdata/tree.anma:13:7
RIGHTPAREN ")" ../testdata/tree.anma:13:8
DOT "." ../testdata/tree.anma:13:9
IDENT "node" ../testdata/tree.anma:13:10
ARROW "->" ../testdata/tree.anma:13:15
IDENT "t" ../testdata/tree.anma:13:18
DOT "." ../testdata/tree.anma:13:19
IDENT "node" ../testdata/tree.anma:13:20
COMMA "," ../testdata/tree.anma:13:24
SHARP "#" ../testdata/tree.anma:14:3
LEFTPAREN "(" ../testdata/tree.anma:14:4
INTEGER "0" ../testdata/tree.anma:14:5
COMMA "," ../testdata/tree.anma:14:6
IDENT "t" ../testdata/tree.anma:14:7
RIGHTPAREN ")" ../testdata/tree.anma:14:8
DOT "." ../testdata/tree.anma:14:9
IDENT "children" ../testdata/tree.anma:14:10
ARROW "->" ../testdata/tree.anma:14:19
IDENT "Nil" ../testdata/tree.anma:14:22
COMMA "," ../testdata/tree.anma:14:25
SHARP "#" ../testdata/tree.anma:15:3
LEFTPAREN "(" ../testdata/tree.anma:15:4
IDENT "x" ../testdata/tree.anma:15:5
COMMA "," ../testdata/tree.anma:15:6
IDENT "t" ../testdata/tree.anma:15:7
RIGHTPAREN ")" ../testdata/tree.anma:15:8
DOT "." ../testdata/tree.anma:15:9
IDENT "children" ../testdata/tree.anma:15:10
ARROW "->" ../testdata/tree.anma:15:19
IDENT "map" ../testdata/tree.anma:15:22
LEFTPAREN "(" ../testdata/tree.anma:15:25
IDENT "prune" ../testdata/tree.anma:15:26
LEFTPAREN "(" ../testdata/tree.anma:15:31
IDENT "x" ../testdata/tree.anma:15:32
OPERATOR "-" ../testdata/tree.anma:15:33
INTEGER "1" ../testdata/tree.anma:15:34
RIGHTPAREN ")" ../testdata/tree.anma:15:35
COMMA "," ../testdata/tree.anma:15:36
IDENT "t" ../testdata/tree.anma:15:38
DOT "." ../testdata/tree.anma:15:39
IDENT "children" ../testdata/tree.anma:15:40
RIGHTPAREN ")" ../testdata/tree.anma:15:48
COMMA "," ../testdata/tree.anma:15:49
RIGHTBRACE "}" ../testdata/tree.anma:16:1
DEF "def" ../testdata/tree.anma:17:1
IDENT "tree" ../testdata/tree.anma:17:5
EQUAL "=" ../testdata/tree.anma:17:10
LEFTBRACE "{" ../testdata/tree.anma:17:12
SHARP "#" ../testdata/tree.anma:18:3
DOT "." ../testdata/tree.anma:18:4
IDENT "node" ../testdata/tree.anma:18:5
ARROW "->" ../testdata/tree.anma:18:10
INTEGER "1" ../testdata/tree.anma:18:13
COMMA "," ../testdata/tree.anma:18:14
SHARP "#" ../testdata/tree.anma:19:3
DOT "." ../testdata/tree.anma:19:4
IDENT "children" ../testdata/tree.anma:19:5
ARROW "->" ../testdata/tree.anma:19:14
IDENT "Cons" ../testdata/tree.anma:19:17
LEFTPAREN "(" ../testdata/tree.anma:19:21
IDENT "tree1" ../testdata/tree.anma:19:22
COMMA "," ../testdata/tree.anma:19:27
IDENT "Cons" ../testdata/tree.anma:19:29
LEFTPAREN "(" ../testdata/tree.anma:19:33
IDENT "tree2" ../testdata/tree.anma:19:34
COMMA "," ../testdata/tree.anma:19:39
IDENT "Nil" ../testdata/tree.anma:19:41
LEFTPAREN "(" ../testdata/tree.anma:19:44
RIGHTPAREN ")" ../testdata/tree.anma:19:45
RIGHTPAREN ")" ../testdata/tree.anma:19:46
RIGHTPAREN ")" ../testdata/tree.anma:19:47
COMMA "," ../testdata/tree.anma:19:48
RIGHTBRACE "}" ../testdata/tree.anma:20:1
DEF "def" ../testdata/tree.anma:21:1
IDENT "tree1" ../testdata/tree.anma:21:5
EQUAL "=" ../testdata/tree.anma:21:11
LEFTBRACE "{" ../testdata/tree.anma:21:13
SHARP "#" ../testdata/tree.anma:22:3
DOT "." ../testdata/tree.anma:22:4
IDENT "node" ../testdata/tree.anma:22:5
ARROW "->" ../testdata/tree.anma:22:10
INTEGER "2" ../testdata/tree.anma:22:13
COMMA "," ../testdata/tree.anma:22:14
SHARP "#" ../testdata/tree.anma:23:3
DOT "." ../testdata/tree.anma:23:4
IDENT "children" ../testdata/tree.anma:23:5
ARROW "->" ../testdata/tree.anma:23:14
IDENT "Nil" ../testdata/tree.anma:23:17
LEFTPAREN "(" ../testdata/tree.anma:23:20
RIGHTPAREN ")" ../testdata/tree.anma:23:21
COMMA "," ../testdata/tree.anma:23:22
RIGHTBRACE "}" ../testdata/tree.anma:24:1
DEF "def" ../testdata/tree.anma:25:1
IDENT "tree2" ../testdata/tree.anma:25:5
EQUAL "=" ../testdata/tree.anma:25:11
LEFTBRACE "{" ../testdata/tree.anma:25:13
SHARP "#" ../testdata/tree.anma:26:3
DOT "." ../testdata/tree.anma:26:4
IDENT "node" ../testdata/tree.anma:26:5
ARROW "->" ../testdata/tree.anma:26:10
INTEGER "3" ../testdata/tree.anma:26:13
COMMA "," ../testdata/tree.anma:26:14
SHARP "#" ../testdata/tree.anma:27:3
DOT "." ../testdata/tree.anma:27:4
IDENT "children" ../testdata/tree.anma:27:5
ARROW "->" ../testdata/tree.anma:27:14
IDENT "Cons" ../testdata/tree.anma:27:17
LEFTPAREN "(" ../testdata/tree.anma:27:21
IDENT "tree" ../testdata/tree.anma:27:22
COMMA "," ../testdata/tree.anma:27:26
IDENT "Nil" ../testdata/tree.anma:27:28
LEFTPAREN "(" ../testdata/tree.anma:27:31
RIGHTPAREN ")" ../testdata/tree.anma:27:32
RIGHTPAREN ")" ../testdata/tree.anma:27:33
COMMA "," ../testdata/tree.anma:27:34
RIGHTBRACE "}" ../testdata/tree.anma:28:1
DEF "def" ../testdata/tree.anma:29:1
IDENT "main" ../testdata/tree.anma:29:5
EQUAL "=" ../testdata/tree.anma:29:10
LEFTBRACE "{" ../testdata/tree.anma:29:12
IDENT "prune" ../testdata/tree.anma:29:14
LEFTPAREN "(" ../testdata/tree.anma:29:19
INTEGER "2" ../testdata/tree.anma:29:20
COMMA "," ../testdata/tree.anma:29:21
IDENT "tree" ../testdata/tree.anma:29:23
RIGHTPAREN ")" ../testdata/tree.anma:29:27
RIGHTBRACE "}" ../testdata/tree.anma:29:29
EOF "" ../testdata/tree.anma:29:30
