DEF "def" ../testdata/tuple.anma:1:1
IDENT "f" ../testdata/tuple.anma:1:5
EQUAL "=" ../testdata/tuple.anma:1:7
LEFTBRACE "{" ../testdata/tuple.anma:1:9
SHARP "#" ../testdata/tuple.anma:2:5
LEFTPAREN "(" ../testdata/tuple.anma:2:6
LEFTPAREN "(" ../testdata/tuple.anma:2:7
IDENT "x" ../testdata/tuple.anma:2:8
COMMA "," ../testdata/tuple.anma:2:9
IDENT "y" ../testdata/tuple.anma:2:11
RIGHTPAREN ")" ../testdata/tuple.anma:2:12
RIGHTPAREN ")" ../testdata/tuple.anma:2:13
ARROW "->" ../testdata/tuple.anma:2:15
PRIM "prim" ../testdata/tuple.anma:2:18
LEFTPAREN "(" ../testdata/tuple.anma:2:22
IDENT "add" ../testdata/tuple.anma:2:23
COMMA "," ../testdata/tuple.anma:2:26
IDENT "x" ../testdata/tuple.anma:2:28
COMMA "," ../testdata/tuple.anma:2:29
IDENT "y" ../testdata/tuple.anma:2:31
RIGHTPAREN ")" ../testdata/tuple.anma:2:32
COMMA "," ../testdata/tuple.anma:2:33
RIGHTBRACE "}" ../testdata/tuple.anma:3:1
DEF "def" ../testdata/tuple.anma:5:1
IDENT "main" ../testdata/tuple.anma:5:5
EQUAL "=" ../testdata/tuple.anma:5:10
LEFTBRACE "{" ../testdata/tuple.anma:5:12
SHARP "#" ../testdata/tuple.anma:6:5
LEFTPAREN "(" ../testdata/tuple.anma:6:6
RIGHTPAREN ")" ../testdata/tuple.anma:6:7
ARROW "->" ../testdata/tuple.anma:6:9
PRIM "prim" ../testdata/tuple.anma:6:12
LEFTPAREN "(" ../testdata/tuple.anma:6:16
IDENT "print" ../testdata/tuple.anma:6:17
COMMA "," ../testdata/tuple.anma:6:22
IDENT "f" ../testdata/tuple.anma:6:24
LEFTPAREN "(" ../testdata/tuple.anma:6:25
LEFTPAREN "(" ../testdata/tuple.anma:6:26
INTEGER "1" ../testdata/tuple.anma:6:27
COMMA "," ../testdata/tuple.anma:6:28
INTEGER "2" ../testdata/tuple.anma:6:30
RIGHTPAREN ")" ../testdata/tuple.anma:6:31
RIGHTPAREN ")" ../testdata/tuple.anma:6:32
RIGHTPAREN ")" ../testdata/tuple.anma:6:33
COMMA "," ../testdata/tuple.anma:6:34
RIGHTBRACE "}" ../testdata/tuple.anma:7:1
EOF "" ../testdata/tuple.anma:7:2
