TYPE "type" ../testdata/vendor.anma:1:1
IDENT "Option" ../testdata/vendor.anma:1:6
LEFTPAREN "(" ../testdata/vendor.anma:1:12
IDENT "a" ../testdata/vendor.anma:1:13
RIGHTPAREN ")" ../testdata/vendor.anma:1:14
EQUAL "=" ../testdata/vendor.anma:1:16
LEFTBRACE "{" ../testdata/vendor.anma:1:18
IDENT "None" ../testdata/vendor.anma:2:5
LEFTPAREN "(" ../testdata/vendor.anma:2:9
RIGHTPAREN ")" ../testdata/vendor.anma:2:10
COMMA "," ../testdata/vendor.anma:2:11
IDENT "Some" ../testdata/vendor.anma:3:5
LEFTPAREN "(" ../testdata/vendor.anma:3:9
IDENT "a" ../testdata/vendor.anma:3:10
RIGHTPAREN ")" ../testdata/vendor.anma:3:11
COMMA "," ../testdata/vendor.anma:3:12
RIGHTBRACE "}" ../testdata/vendor.anma:4:1
TYPE "type" ../testdata/vendor.anma:5:1
IDENT "List" ../testdata/vendor.anma:5:6
LEFTPAREN "(" ../testdata/vendor.anma:5:10
IDENT "a" ../testdata/vendor.anma:5:11
RIGHTPAREN ")" ../testdata/vendor.anma:5:12
EQUAL "=" ../testdata/vendor.anma:5:14
LEFTBRACE "{" ../testdata/vendor.anma:5:16
IDENT "Nil" ../testdata/vendor.anma:6:5
LEFTPAREN "(" ../testdata/vendor.anma:6:8
RIGHTPAREN ")" ../testdata/vendor.anma:6:9
COMMA "," ../testdata/vendor.anma:6:10
IDENT "Cons" ../testdata/vendor.anma:7:5
LEFTPAREN "(" ../testdata/vendor.anma:7:9
IDENT "a" ../testdata/vendor.anma:7:10
COMMA "," ../testdata/vendor.anma:7:11
IDENT "List" ../testdata/vendor.anma:7:13
LEFTPAREN "(" ../testdata/vendor.anma:7:17
IDENT "a" ../testdata/vendor.anma:7:18
RIGHTPAREN ")" ../testdata/vendor.anma:7:19
RIGHTPAREN ")" ../testdata/vendor.anma:7:20
COMMA "," ../testdata/vendor.anma:7:21
RIGHTBRACE "}" ../testdata/vendor.anma:8:1
DEF "def" ../testdata/vendor.anma:10:1
IDENT "vendor" ../testdata/vendor.anma:10:5
EQUAL "=" ../testdata/vendor.anma:10:12
LEFTBRACE "{" ../testdata/vendor.anma:10:14
SHARP "#" ../testdata/vendor.anma:11:5
LEFTPAREN "(" ../testdata/vendor.anma:11:6
IDENT "items" ../testdata/vendor.anma:11:7
RIGHTPAREN ")" ../testdata/vendor.anma:11:12
DOT "." ../testdata/vendor.anma:11:13
IDENT "get" ../testdata/vendor.anma:11:14
ARROW "->" ../testdata/vendor.anma:11:18
IDENT "None" ../testdata/vendor.anma:11:21
LEFTPAREN "(" ../testdata/vendor.anma:11:25
RIGHTPAREN ")" ../testdata/vendor.anma:11:26
COMMA "," ../testdata/vendor.anma:11:27
SHARP "#" ../testdata/vendor.anma:12:5
LEFTPAREN "(" ../testdata/vendor.anma:12:6
IDENT "Nil" ../testdata/vendor.anma:12:7
LEFTPAREN "(" ../testdata/vendor.anma:12:10
RIGHTPAREN ")" ../testdata/vendor.anma:12:11
RIGHTPAREN ")" ../testdata/vendor.anma:12:12
DOT "." ../testdata/vendor.anma:12:13
IDENT "put" ../testdata/vendor.anma:12:14
DOT "." ../testdata/vendor.anma:12:17
IDENT "get" ../testdata/vendor.anma:12:18
ARROW "->" ../testdata/vendor.anma:12:22
PRIM "prim" ../testdata/vendor.anma:13:9
LEFTPAREN "(" ../testdata/vendor.anma:13:13
IDENT "print" ../testdata/vendor.anma:13:14
COMMA "," ../testdata/vendor.anma:13:19
STRING "\"Nil case\"" ../testdata/vendor.anma:13:21
RIGHTPAREN ")" ../testdata/vendor.anma:13:31
SEMICOLON ";" ../testdata/vendor.anma:13:32
PRIM "prim" ../testdata/vendor.anma:14:9
LEFTPAREN "(" ../testdata/vendor.anma:14:13
IDENT "print" ../testdata/vendor.anma:14:14
COMMA "," ../testdata/vendor.anma:14:19
IDENT "Nil" ../testdata/vendor.anma:14:21
LEFTPAREN "(" ../testdata/vendor.anma:14:24
RIGHTPAREN ")" ../testdata/vendor.anma:14:25
RIGHTPAREN ")" ../testdata/vendor.anma:14:26
SEMICOLON ";" ../testdata/vendor.anma:14:27
IDENT "None" ../testdata/vendor.anma:15:9
LEFTPAREN "(" ../testdata/vendor.anma:15:13
RIGHTPAREN ")" ../testdata/vendor.anma:15:14
COMMA "," ../testdata/vendor.anma:15:15
SHARP "#" ../testdata/vendor.anma:16:5
LEFTPAREN "(" ../testdata/vendor.anma:16:6
IDENT "Cons" ../testdata/vendor.anma:16:7
LEFTPAREN "(" ../testdata/vendor.anma:16:11
IDENT "x" ../testdata/vendor.anma:16:12
COMMA "," ../testdata/vendor.anma:16:13
IDENT "xs" ../testdata/vendor.anma:16:15
RIGHTPAREN ")" ../testdata/vendor.anma:16:17
RIGHTPAREN ")" ../testdata/vendor.anma:16:18
DOT "." ../testdata/vendor.anma:16:19
IDENT "put" ../testdata/vendor.anma:16:20
DOT "." ../testdata/vendor.anma:16:23
IDENT "get" ../testdata/vendor.anma:16:24
ARROW "->" ../testdata/vendor.anma:16:28
PRIM "prim" ../testdata/vendor.anma:17:9
LEFTPAREN "(" ../testdata/vendor.anma:17:13
IDENT "print" ../testdata/vendor.anma:17:14
COMMA "," ../testdata/vendor.anma:17:19
STRING "\"Cons case\"" ../testdata/vendor.anma:17:21
RIGHTPAREN ")" ../testdata/vendor.anma:17:32
SEMICOLON ";" ../testdata/vendor.anma:17:33
PRIM "prim" ../testdata/vendor.anma:18:9
LEFTPAREN "(" ../testdata/vendor.anma:18:13
IDENT "print" ../testdata/vendor.anma:18:14
COMMA "," ../testdata/vendor.anma:18:19
IDENT "Cons" ../testdata/vendor.anma:18:21
LEFTPAREN "(" ../testdata/vendor.anma:18:25
IDENT "x" ../testdata/vendor.anma:18:26
COMMA "," ../testdata/vendor.anma:18:27
IDENT "xs" ../testdata/vendor.anma:18:29
RIGHTPAREN ")" ../testdata/vendor.anma:18:31
RIGHTPAREN ")" ../testdata/vendor.anma:18:32
SEMICOLON ";" ../testdata/vendor.anma:18:33
IDENT "Some" ../testdata/vendor.anma:19:9
LEFTPAREN "(" ../testdata/vendor.anma:19:13
IDENT "x" ../testdata/vendor.anma:19:14
RIGHTPAREN ")" ../testdata/vendor.anma:19:15
COMMA "," ../testdata/vendor.anma:19:16
SHARP "#" ../testdata/vendor.anma:20:5
LEFTPAREN "(" ../testdata/vendor.anma:20:6
IDENT "items" ../testdata/vendor.anma:20:7
RIGHTPAREN ")" ../testdata/vendor.anma:20:12
DOT "." ../testdata/vendor.anma:20:13
IDENT "put" ../testdata/vendor.anma:20:14
DOT "." ../testdata/vendor.anma:20:17
IDENT "put" ../testdata/vendor.anma:20:18
ARROW "->" ../testdata/vendor.anma:20:22
IDENT "vendor" ../testdata/vendor.anma:21:9
LEFTPAREN "(" ../testdata/vendor.anma:21:15
IDENT "items" ../testdata/vendor.anma:21:16
RIGHTPAREN ")" ../testdata/vendor.anma:21:21
DOT "." ../testdata/vendor.anma:21:22
IDENT "put" ../testdata/vendor.anma:21:23
COMMA "," ../testdata/vendor.anma:21:26
RIGHTBRACE "}" ../testdata/vendor.anma:22:1
DEF "def" ../testdata/vendor.anma:24:1
IDENT "main" ../testdata/vendor.anma:24:5
EQUAL "=" ../testdata/vendor.anma:24:10
LEFTBRACE "{" ../testdata/vendor.anma:24:12
PRIM "prim" ../testdata/vendor.anma:25:5
LEFTPAREN "(" ../testdata/vendor.anma:25:9
IDENT "print" ../testdata/vendor.anma:25:10
COMMA "," ../testdata/vendor.anma:25:15
IDENT "vendor" ../testdata/vendor.anma:25:17
LEFTPAREN "(" ../testdata/vendor.anma:25:23
IDENT "Cons" ../testdata/vendor.anma:25:24
LEFTPAREN "(" ../testdata/vendor.anma:25:28
INTEGER "0" ../testdata/vendor.anma:25:29
COMMA "," ../testdata/vendor.anma:25:30
IDENT "Nil" ../testdata/vendor.anma:25:32
LEFTPAREN "(" ../testdata/vendor.anma:25:35
RIGHTPAREN ")" ../testdata/vendor.anma:25:36
RIGHTPAREN ")" ../testdata/vendor.anma:25:37
RIGHTPAREN ")" ../testdata/vendor.anma:25:38
DOT "." ../testdata/vendor.anma:25:39
IDENT "put" ../testdata/vendor.anma:25:40
DOT "." ../testdata/vendor.anma:25:43
IDENT "get" ../testdata/vendor.anma:25:44
RIGHTPAREN ")" ../testdata/vendor.anma:25:47
RIGHTBRACE "}" ../testdata/vendor.anma:26:1
EOF "" ../testdata/vendor.anma:26:2
