DEF "def" ../testdata/with.anma:1:1
IDENT "main" ../testdata/with.anma:1:5
EQUAL "=" ../testdata/with.anma:1:10
LEFTBRACE "{" ../testdata/with.anma:1:12
WITH "with" ../testdata/with.anma:2:5
IDENT "x" ../testdata/with.anma:2:10
COMMA "," ../testdata/with.anma:2:11
IDENT "y" ../testdata/with.anma:2:13
BACKARROW "<-" ../testdata/with.anma:2:15
LEFTBRACE "{" ../testdata/with.anma:2:18
SHARP "#" ../testdata/with.anma:2:20
LEFTPAREN "(" ../testdata/with.anma:2:21
RIGHTPAREN ")" ../testdata/with.anma:2:22
LEFTPAREN "(" ../testdata/with.anma:2:23
IDENT "cont" ../testdata/with.anma:2:24
RIGHTPAREN ")" ../testdata/with.anma:2:28
ARROW "->" ../testdata/with.anma:2:30
IDENT "cont" ../testdata/with.anma:2:33
LEFTPAREN "(" ../testdata/with.anma:2:37
INTEGER "1" ../testdata/with.anma:2:38
COMMA "," ../testdata/with.anma:2:39
INTEGER "2" ../testdata/with.anma:2:41
RIGHTPAREN ")" ../testdata/with.anma:2:42
RIGHTBRACE "}" ../testdata/with.anma:2:44
LEFTPAREN "(" ../testdata/with.anma:2:45
RIGHTPAREN ")" ../testdata/with.anma:2:46
SEMICOLON ";" ../testdata/with.anma:2:47
PRIM "prim" ../testdata/with.anma:3:5
LEFTPAREN "(" ../testdata/with.anma:3:9
IDENT "print" ../testdata/with.anma:3:10
COMMA "," ../testdata/with.anma:3:15
LEFTBRACKET "[" ../testdata/with.anma:3:17
IDENT "x" ../testdata/with.anma:3:18
COMMA "," ../testdata/with.anma:3:19
IDENT "y" ../testdata/with.anma:3:21
RIGHTBRACKET "]" ../testdata/with.anma:3:22
RIGHTPAREN ")" ../testdata/with.anma:3:23
RIGHTBRACE "}" ../testdata/with.anma:4:1
EOF "" ../testdata/with.anma:4:2
