(def add (lambda (x0) (lambda (x0) (case ((var x0) (var x0)) (clause ((var x) (var y)) (seq (prim add (var x) (var y))))))))
(def mul (lambda (x0) (lambda (x0) (case ((var x0) (var x0)) (clause ((var x) (var y)) (seq (prim mul (var x) (var y))))))))
(def main (lambda () (seq (prim print (call (call (var add) (literal 1)) (call (call (var mul) (literal 2)) (literal 3)))))))
